// Jest Snapshot v1, https://goo.gl/fbAQLP

exports[`ChatMessageList matches snapshot 1`] = `
<DocumentFragment>
  <div
    class="flex-grow overflow-y-auto bg-white border-2 border-stone-200"
  >
    <div
      aria-atomic="true"
      aria-live="polite"
      class="w-full h-full rounded-lg"
    >
      <div
        data-testid="chat-message"
      >
        <div
          class="ai"
        >
          <div>
            GPT-4
          </div>
          <div>
            Hi, how can I assist you?
          </div>
        </div>
      </div>
      <div
        data-testid="chat-message"
      >
        <div
          class="user"
        >
          How are you?
        </div>
        <div
          class="ai"
        >
          <div>
            GPT-4
          </div>
          <div>
            I'm doing well, thank you!
          </div>
        </div>
      </div>
    </div>
  </div>
</DocumentFragment>
`;
