// Jest Snapshot v1, https://goo.gl/fbAQLP

exports[`FileUploadIcon should match snapshot when disabled 1`] = `
<DocumentFragment>
  <label
    class="flex items-center justify-center  text-white font-bold px-2 rounded cursor-pointer"
    tabindex="0"
  >
    <input
      accept="image/*, .pdf, .html, .xml, .docx, .txt, .yml, .yaml, .tsx, .ts, .js, .cjs, .coffee, .css, .scss, .sass, less, .xsl, .xlsx,  .jsx, .java, .py, .php, .rb, .erb, .rake, .slim, .cpp, .c, .go, .rs, .log, .cjs, .snap, .sh, .md, .csv, .html, .json, .toml, .sh,  .map,  .xml, .lock, .mod, .metal, .sum, .h, .m, .asp, .net, .dll, .cs, .vb, .fs, .config, .resx, .csproj, .sln"
      aria-label="Upload file"
      style="display: none;"
      type="none"
    />
    <svg
      aria-hidden="true"
      fill="currentColor"
      height="24"
      stroke="currentColor"
      stroke-width="0"
      style="cursor: pointer; background: rgb(123, 123, 220); border: 1px solid black;"
      viewBox="0 0 24 24"
      width="24"
      xmlns="http://www.w3.org/2000/svg"
    >
      <path
        d="M21 15V18H24V20H21V23H19V20H16V18H19V15H21ZM21.0082 3C21.556 3 22 3.44495 22 3.9934L22.0007 13.3417C21.3749 13.1204 20.7015 13 20 13V5H4L4.001 19L13.2929 9.70715C13.6528 9.34604 14.22 9.31823 14.6123 9.62322L14.7065 9.70772L18.2521 13.2586C15.791 14.0069 14 16.2943 14 19C14 19.7015 14.1204 20.3749 14.3417 21.0007L2.9918 21C2.44405 21 2 20.5551 2 20.0066V3.9934C2 3.44476 2.45531 3 2.9918 3H21.0082ZM8 7C9.10457 7 10 7.89543 10 9C10 10.1046 9.10457 11 8 11C6.89543 11 6 10.1046 6 9C6 7.89543 6.89543 7 8 7Z"
      />
    </svg>
  </label>
</DocumentFragment>
`;

exports[`FileUploadIcon should match snapshot when enabled 1`] = `
<DocumentFragment>
  <label
    class="flex items-center justify-center  text-white font-bold px-2 rounded cursor-pointer"
    tabindex="0"
  >
    <input
      accept="image/*, .pdf, .html, .xml, .docx, .txt, .yml, .yaml, .tsx, .ts, .js, .cjs, .coffee, .css, .scss, .sass, less, .xsl, .xlsx,  .jsx, .java, .py, .php, .rb, .erb, .rake, .slim, .cpp, .c, .go, .rs, .log, .cjs, .snap, .sh, .md, .csv, .html, .json, .toml, .sh,  .map,  .xml, .lock, .mod, .metal, .sum, .h, .m, .asp, .net, .dll, .cs, .vb, .fs, .config, .resx, .csproj, .sln"
      aria-label="Upload file"
      style="display: none;"
      type="file"
    />
    <svg
      aria-hidden="true"
      fill="currentColor"
      height="24"
      stroke="currentColor"
      stroke-width="0"
      style="cursor: pointer; background: rgb(123, 123, 220); border: 1px solid black;"
      viewBox="0 0 24 24"
      width="24"
      xmlns="http://www.w3.org/2000/svg"
    >
      <path
        d="M21 15V18H24V20H21V23H19V20H16V18H19V15H21ZM21.0082 3C21.556 3 22 3.44495 22 3.9934L22.0007 13.3417C21.3749 13.1204 20.7015 13 20 13V5H4L4.001 19L13.2929 9.70715C13.6528 9.34604 14.22 9.31823 14.6123 9.62322L14.7065 9.70772L18.2521 13.2586C15.791 14.0069 14 16.2943 14 19C14 19.7015 14.1204 20.3749 14.3417 21.0007L2.9918 21C2.44405 21 2 20.5551 2 20.0066V3.9934C2 3.44476 2.45531 3 2.9918 3H21.0082ZM8 7C9.10457 7 10 7.89543 10 9C10 10.1046 9.10457 11 8 11C6.89543 11 6 10.1046 6 9C6 7.89543 6.89543 7 8 7Z"
      />
    </svg>
  </label>
</DocumentFragment>
`;
