// Jest Snapshot v1, https://goo.gl/fbAQLP

exports[`Layout Component should match Layout component snapshot 1`] = `
<DocumentFragment>
  <div
    class="flex flex-col w-full h-screen"
  >
    <div>
      Header Mock
    </div>
    <div
      class="flex flex-row w-full h-full overflow-hidden"
    >
      <div
        class="flex-shrink-0 bg-slate-500 text-slate-50 h-full text-md w-full sm:w-40 md:w-48 lg:w-52 xl:w-64 2xl:w-72 z-10"
      >
        <div>
          Sidebar Mock
        </div>
      </div>
      <div
        class="relative flex flex-col w-full h-full max-w-full flex-1 overflow-hidden"
      >
        <main
          class="flex flex-col h-full w-full lg:w-9/12 xl:w-8/12 max-w-screen-2xl mx-auto px-2 sm:px-4 lg:px-8"
        >
          <div
            class="flex-grow"
          >
            <div>
              Child Content
            </div>
          </div>
          <div>
            Footer Mock
          </div>
        </main>
      </div>
    </div>
  </div>
</DocumentFragment>
`;
