// Jest Snapshot v1, https://goo.gl/fbAQLP

exports[`Layout Component should match Layout component snapshot 1`] = `
<DocumentFragment>
  <div
    class="flex flex-col w-full h-screen "
  >
    <div
      data-testid="header-mock"
    >
      Header Mock
    </div>
    <div
      class="flex flex-row w-full h-full overflow-hidden"
    >
      <div
        class="flex-shrink-0 bg-slate-500 text-slate-50 h-full text-md w-full sm:w-40 md:w-48 lg:w-52 xl:w-64 2xl:w-72 z-10"
      >
        <div
          class="flex flex-col w-full h-full"
        >
          <ul
            class="flex-grow px-2 pt-3"
          >
            <div
              class="mt-6 font-semibold"
            >
              <div
                class="flex justify-between items-center px-1 py-1 border-b text-slate-100 cursor-pointer transition-colors duration-200 hover:bg-slate-500 focus:bg-indigo-100 }"
              >
                <a
                  class="flex-grow px-2 transition-colors duration-200 hover:text-indigo-300"
                  href="/embedragfile"
                >
                  Embed RAG File
                </a>
                <button
                  aria-label="Expand"
                  class="cursor-pointer transition-colors duration-200 hover:text-indigo-300"
                  role="button"
                >
                  <svg
                    fill="currentColor"
                    height="18"
                    stroke="currentColor"
                    stroke-width="0"
                    viewBox="0 0 1024 1024"
                    width="18"
                    xmlns="http://www.w3.org/2000/svg"
                  >
                    <path
                      d="M840.4 300H183.6c-19.7 0-30.7 20.8-18.5 35l328.4 380.8c9.4 10.9 27.5 10.9 37 0L858.9 335c12.2-14.2 1.2-35-18.5-35z"
                    />
                  </svg>
                </button>
              </div>
            </div>
            <div
              class="mt-6 font-semibold"
            >
              <div
                class="flex justify-between items-center px-1 py-1 border-b text-slate-100 cursor-pointer transition-colors duration-200 hover:bg-slate-500 focus:bg-indigo-100 }"
              >
                <a
                  class="flex-grow px-2 transition-colors duration-200 hover:text-indigo-300"
                  href="/finetunemodel"
                >
                  Finetune AI Model
                </a>
                <button
                  aria-label="Expand"
                  class="cursor-pointer transition-colors duration-200 hover:text-indigo-300"
                  role="button"
                >
                  <svg
                    fill="currentColor"
                    height="18"
                    stroke="currentColor"
                    stroke-width="0"
                    viewBox="0 0 1024 1024"
                    width="18"
                    xmlns="http://www.w3.org/2000/svg"
                  >
                    <path
                      d="M840.4 300H183.6c-19.7 0-30.7 20.8-18.5 35l328.4 380.8c9.4 10.9 27.5 10.9 37 0L858.9 335c12.2-14.2 1.2-35-18.5-35z"
                    />
                  </svg>
                </button>
              </div>
            </div>
            <div
              class="mt-6 font-semibold"
            >
              <div
                class="flex justify-between items-center px-1 py-1 border-b text-slate-100 cursor-pointer transition-colors duration-200 hover:bg-slate-500 focus:bg-indigo-100 }"
              >
                <a
                  class="flex-grow px-2 transition-colors duration-200 hover:text-indigo-300"
                  href="/"
                >
                  Chat With AI
                </a>
                <button
                  aria-label="Collapse"
                  class="cursor-pointer transition-colors duration-200 hover:text-indigo-300"
                  role="button"
                >
                  <svg
                    fill="currentColor"
                    height="18"
                    stroke="currentColor"
                    stroke-width="0"
                    viewBox="0 0 1024 1024"
                    width="18"
                    xmlns="http://www.w3.org/2000/svg"
                  >
                    <path
                      d="M858.9 689L530.5 308.2c-9.4-10.9-27.5-10.9-37 0L165.1 689c-12.2 14.2-1.2 35 18.5 35h656.8c19.7 0 30.7-20.8 18.5-35z"
                    />
                  </svg>
                </button>
              </div>
            </div>
          </ul>
          <div
            class="w-full bg-slate-400 border-t border-gray-700"
          >
            <button
              aria-controls="ai-hub-menu"
              aria-expanded="false"
              class="flex items-center justify-between w-full px-4 py-2 text-left text-gray-600 hover:bg-gray-300 hover:text-gray-600 transition-colors duration-200"
            >
              <span
                class="flex items-center"
              >
                <svg
                  class="mr-2"
                  fill="currentColor"
                  height="20"
                  stroke="currentColor"
                  stroke-width="0"
                  viewBox="0 0 1024 1024"
                  width="20"
                  xmlns="http://www.w3.org/2000/svg"
                >
                  <path
                    d="M632 888H392c-4.4 0-8 3.6-8 8v32c0 17.7 14.3 32 32 32h192c17.7 0 32-14.3 32-32v-32c0-4.4-3.6-8-8-8zM512 64c-181.1 0-328 146.9-328 328 0 121.4 66 227.4 164 284.1V792c0 17.7 14.3 32 32 32h264c17.7 0 32-14.3 32-32V676.1c98-56.7 164-162.7 164-284.1 0-181.1-146.9-328-328-328zm127.9 549.8L604 634.6V752H420V634.6l-35.9-20.8C305.4 568.3 256 484.5 256 392c0-141.4 114.6-256 256-256s256 114.6 256 256c0 92.5-49.4 176.3-128.1 221.8z"
                  />
                </svg>
                <span
                  class="font-medium"
                >
                  AI Hub
                </span>
              </span>
              <svg
                aria-label="caret-up"
                fill="currentColor"
                height="20"
                stroke="currentColor"
                stroke-width="0"
                viewBox="0 0 1024 1024"
                width="20"
                xmlns="http://www.w3.org/2000/svg"
              >
                <path
                  d="M858.9 689L530.5 308.2c-9.4-10.9-27.5-10.9-37 0L165.1 689c-12.2 14.2-1.2 35 18.5 35h656.8c19.7 0 30.7-20.8 18.5-35z"
                />
              </svg>
            </button>
          </div>
        </div>
      </div>
      <div
        class="relative flex flex-col w-full h-full max-w-full flex-1 overflow-hidden"
      >
        <main
          class="flex flex-col h-full w-full lg:w-9/12 xl:w-8/12 max-w-screen-2xl mx-auto px-2 sm:px-4 lg:px-8"
        >
          <div
            class="flex-grow"
          >
            <div
              chathistory="[object Object]"
              chatid="0"
              chats=""
              filesrchistory=""
              selectedmodel="[object Object]"
            >
              Child Content
            </div>
          </div>
          <div
            data-testid="footer-mock"
          >
            Footer Mock
          </div>
        </main>
      </div>
    </div>
  </div>
</DocumentFragment>
`;
