// Jest Snapshot v1, https://goo.gl/fbAQLP

exports[`Notifications Component matches snapshot with multiple notifications 1`] = `
<DocumentFragment>
  <div
    class="p-4"
  >
    <p
      aria-live="assertive"
      class="bold text-gray-600"
      role="status"
    >
      Loading...
    </p>
  </div>
  <div
    class="p-4"
  >
    <p
      aria-live="polite"
      class="bold text-green-600"
      role="status"
    >
      Success
    </p>
  </div>
  <div
    class="p-4"
  >
    <p
      aria-live="assertive"
      class="bold text-red-600"
      role="alert"
    >
      Error
    </p>
  </div>
  <div
    class="p-4"
  >
    <p
      aria-live="assertive"
      class="bold text-red-600"
      role="alert"
    >
      File is too large
    </p>
  </div>
  <div
    class="p-4"
  >
    <p
      aria-live="assertive"
      class="bold text-red-600"
      role="alert"
    >
      Name is required
    </p>
  </div>
</DocumentFragment>
`;
