// Jest Snapshot v1, https://goo.gl/fbAQLP

exports[`UploadFile Component UploadFile component snapshot 1`] = `
<DocumentFragment>
  <div
    class="my-2"
  >
    <label
      class="w-50 font-bold text-base mr-5"
      for="fileUpload"
    >
      Upload Training Data: 
    </label>
    <input
      accept=".pdf"
      class="focus:border-blue-500 focus:outline-none"
      data-testid="fileInput"
      id="fileUpload"
      name="uploadFile"
      type="file"
    />
  </div>
</DocumentFragment>
`;
